// Jest Snapshot v1, https://goo.gl/fbAQLP

exports[`functionality should recopy changed files 1`] = `
"Snapshot Diff:
- First value
+ Second value

- file.txt
+ console.log(\\"Hello\\");"
`;

exports[`functionality should remove deleted files 1`] = `
Array [
  Object {
    "file": "file.txt",
    "text": "file.txt
",
  },
]
`;
